../Core/Src/IC_Drivers/MCP23017_Hardware.c:32:13:MCP23017_IO_Init	8	static
../Core/Src/IC_Drivers/MCP23017_Hardware.c:44:13:MCP23017_IO_DeInit	4	static
../Core/Src/IC_Drivers/MCP23017_Hardware.c:55:26:MCP23017_IO_WriteReg	32	static
../Core/Src/IC_Drivers/MCP23017_Hardware.c:70:26:MCP23017_IO_ReadReg	32	static
../Core/Src/IC_Drivers/MCP23017_Hardware.c:85:16:MCP23017_IO_ioctl	16	static
../Core/Src/IC_Drivers/MCP23017_Hardware.c:96:26:MCP23017_IO1_WriteReg	16	static
../Core/Src/IC_Drivers/MCP23017_Hardware.c:108:26:MCP23017_IO1_ReadReg	16	static
../Core/Src/IC_Drivers/MCP23017_Hardware.c:120:26:MCP23017_IO2_WriteReg	16	static
../Core/Src/IC_Drivers/MCP23017_Hardware.c:132:26:MCP23017_IO2_ReadReg	16	static
../Core/Src/IC_Drivers/MCP23017_Hardware.c:144:26:MCP23017_IO3_WriteReg	16	static
../Core/Src/IC_Drivers/MCP23017_Hardware.c:156:26:MCP23017_IO3_ReadReg	16	static
../Core/Src/IC_Drivers/MCP23017_Hardware.c:168:26:MCP23017_IO4_WriteReg	16	static
../Core/Src/IC_Drivers/MCP23017_Hardware.c:180:26:MCP23017_IO4_ReadReg	16	static
